// Jest Snapshot v1, https://goo.gl/fbAQLP

exports[`list/convertToMap() should convert a list of services to a map 1`] = `
Map {
  "cassandra" => "stopped",
  "chronograf" => "stopped",
  "elasticsearch" => "stopped",
  "influxdb" => "stopped",
  "kafka" => "stopped",
  "kapacitor" => "stopped",
  "mongodb" => "stopped",
  "rabbitmq" => "stopped",
  "redis" => "started",
  "zookeeper" => "stopped",
}
`;
